../Core/Src/main.c:77:6:HAL_GPIO_EXTI_Callback	16	static
../Core/Src/main.c:94:6:HAL_ADC_ConvCpltCallback	16	static
../Core/Src/main.c:113:6:HAL_TIM_IC_CaptureCallback	16	static
../Core/Src/main.c:142:6:HAL_TIM_PeriodElapsedCallback	16	static
../Core/Src/main.c:154:5:main	8	static
../Core/Src/main.c:229:6:SystemClock_Config	88	static
../Core/Src/main.c:276:13:MX_ADC1_Init	24	static
../Core/Src/main.c:328:13:MX_TIM3_Init	48	static
../Core/Src/main.c:386:13:MX_TIM4_Init	48	static
../Core/Src/main.c:435:13:MX_TIM10_Init	8	static
../Core/Src/main.c:464:13:MX_DMA_Init	16	static
../Core/Src/main.c:482:13:MX_GPIO_Init	40	static
../Core/Src/main.c:525:6:Error_Handler	4	static,ignoring_inline_asm
