16:12:16 **** Incremental Build of configuration Debug for project Light_Control ****
make -j8 all 
arm-none-eabi-gcc "../Core/Src/main.c" -mcpu=cortex-m4 -std=gnu11 -g3 -DDEBUG -DUSE_HAL_DRIVER -DSTM32F411xE -c -I../Core/Inc -I../Drivers/STM32F4xx_HAL_Driver/Inc -I../Drivers/STM32F4xx_HAL_Driver/Inc/Legacy -I../Drivers/CMSIS/Device/ST/STM32F4xx/Include -I../Drivers/CMSIS/Include -O0 -ffunction-sections -fdata-sections -Wall -fstack-usage -fcyclomatic-complexity -MMD -MP -MF"Core/Src/main.d" -MT"Core/Src/main.o" --specs=nano.specs -mfpu=fpv4-sp-d16 -mfloat-abi=hard -mthumb -o "Core/Src/main.o"
arm-none-eabi-g++ -o "Light_Control.elf" @"objects.list"   -mcpu=cortex-m4 -T"D:\Datos\Universidad\4.Cuarto\SED\trabajo\TRABAJO_MICROS\TrabajoDefinitivo\TRABAJO_STM32\Light_Control\STM32F411VETX_FLASH.ld" --specs=nosys.specs -Wl,-Map="Light_Control.map" -Wl,--gc-sections -static --specs=nano.specs -mfpu=fpv4-sp-d16 -mfloat-abi=hard -mthumb -Wl,--start-group -lc -lm -lstdc++ -lsupc++ -Wl,--end-group
Finished building target: Light_Control.elf
 
arm-none-eabi-size  Light_Control.elf 
arm-none-eabi-objdump -h -S Light_Control.elf  > "Light_Control.list"
   text	   data	    bss	    dec	    hex	filename
   9896	     12	   1748	  11656	   2d88	Light_Control.elf
Finished building: default.size.stdout
 
Finished building: Light_Control.list
 

16:12:17 Build Finished. 0 errors, 0 warnings. (took 972ms)

